// Vitest Snapshot v1, https://vitest.dev/guide/snapshot.html

exports[`badge rendering > produces consistent markup for the three badge states 1`] = `"<span class="rounded-full bg-blue-100 px-2 py-0.5 text-[11px] font-medium text-blue-700" aria-label="Repte actiu">Repte actiu</span><span class="rounded-full bg-orange-100 px-2 py-0.5 text-[11px] font-medium text-orange-700" aria-label="Cooldown">Cooldown</span><span class="rounded-full bg-green-100 px-2 py-0.5 text-[11px] font-medium text-green-700" aria-label="Es pot reptar">Es pot reptar</span>"`;
