// Vitest Snapshot v1, https://vitest.dev/guide/snapshot.html

exports[`badge rendering > produces consistent markup for the three badge states 1`] = `"<span class="rounded bg-blue-100 px-1.5 py-0.5 text-xs font-medium text-blue-700" aria-label="Repte actiu">Repte actiu</span><span class="px-2 py-0.5 text-xs rounded bg-orange-100 text-orange-700">No es pot reptar (falten 3 dies)</span><span class="rounded bg-green-100 px-1.5 py-0.5 text-xs font-medium text-green-700" aria-label="Es pot reptar">Es pot reptar</span>"`;
